[2025-11-28 07:57:33,545: INFO: main: Starting the CNN Classifier application...]
[2025-12-02 13:25:22,841: INFO: main: >>>>>>>>>> Stage Data Ingestion Stage started <<<<<<<<<<]
[2025-12-02 13:25:22,842: INFO: common: yaml file: configs\config.yaml loaded successfully]
[2025-12-02 13:25:22,842: INFO: common: yaml file: params.yaml loaded successfully]
[2025-12-02 13:25:22,842: INFO: common: Directory created at: artifacts]
[2025-12-02 13:25:22,842: INFO: common: Directory created at: artifacts/data_ingestion]
[2025-12-02 13:25:22,842: INFO: data_ingestion: Downloading file from :[https://drive.google.com/file/d/1vlhZ5c7abUKF8xXERIw6m9Te8fW7ohw3/view?usp=sharing] into :[artifacts/data_ingestion/data.zip]]
[2025-12-02 13:25:56,674: INFO: data_ingestion: File :[artifacts/data_ingestion/data.zip] has been downloaded successfully.]
[2025-12-02 13:25:56,675: ERROR: main: name 'Path' is not defined]
Traceback (most recent call last):
  File "D:\Projects\kidney-disease-classification\main.py", line 13, in <module>
    data_ingestion.main()
  File "D:\Projects\kidney-disease-classification\src\cnnClassifier\pipeline\stage_01_data_ingestion.py", line 17, in main
    data_ingestion.download_data()
  File "D:\Projects\kidney-disease-classification\src\cnnClassifier\components\data_ingestion.py", line 30, in download_data
    raise e
  File "D:\Projects\kidney-disease-classification\src\cnnClassifier\components\data_ingestion.py", line 27, in download_data
    logger.info(f"File size :[{get_size(Path(zip_downloaded_dir))}]")
NameError: name 'Path' is not defined
[2025-12-02 13:26:40,684: INFO: main: >>>>>>>>>> Stage Data Ingestion Stage started <<<<<<<<<<]
[2025-12-02 13:26:40,684: INFO: common: yaml file: configs\config.yaml loaded successfully]
[2025-12-02 13:26:40,684: INFO: common: yaml file: params.yaml loaded successfully]
[2025-12-02 13:26:40,684: INFO: common: Directory created at: artifacts]
[2025-12-02 13:26:40,684: INFO: common: Directory created at: artifacts/data_ingestion]
[2025-12-02 13:26:40,684: INFO: data_ingestion: Downloading file from :[https://drive.google.com/file/d/1vlhZ5c7abUKF8xXERIw6m9Te8fW7ohw3/view?usp=sharing] into :[artifacts/data_ingestion/data.zip]]
[2025-12-02 13:27:01,624: INFO: data_ingestion: File :[artifacts/data_ingestion/data.zip] has been downloaded successfully.]
[2025-12-02 13:27:01,624: INFO: data_ingestion: File size :[56361.28 KB]]
[2025-12-02 13:27:02,215: INFO: data_ingestion: Extraction completed successfully.]
[2025-12-02 13:27:02,221: INFO: main: >>>>>>>>>> Stage Data Ingestion Stage completed <<<<<<<<<<

x==========x]
[2025-12-03 11:54:06,874: INFO: main: >>>>>>>>>> Stage Data Ingestion Stage started <<<<<<<<<<]
[2025-12-03 11:54:06,876: INFO: common: yaml file: configs\config.yaml loaded successfully]
[2025-12-03 11:54:06,879: INFO: common: yaml file: params.yaml loaded successfully]
[2025-12-03 11:54:06,881: INFO: common: Directory created at: artifacts]
[2025-12-03 11:54:06,881: INFO: common: Directory created at: artifacts/data_ingestion]
[2025-12-03 11:54:06,881: INFO: data_ingestion: Downloading file from :[https://drive.google.com/file/d/1vlhZ5c7abUKF8xXERIw6m9Te8fW7ohw3/view?usp=sharing] into :[artifacts/data_ingestion/data.zip]]
[2025-12-03 11:54:28,417: INFO: data_ingestion: File :[artifacts/data_ingestion/data.zip] has been downloaded successfully.]
[2025-12-03 11:54:28,417: INFO: data_ingestion: File size :[56361.28 KB]]
[2025-12-03 11:54:28,914: INFO: data_ingestion: Extraction completed successfully.]
[2025-12-03 11:54:28,914: INFO: main: >>>>>>>>>> Stage Data Ingestion Stage completed <<<<<<<<<<

x==========x]
[2025-12-03 11:54:28,914: INFO: main: >>>>>>>>>> Stage Prepare Base Model Stage started <<<<<<<<<<]
[2025-12-03 11:54:28,914: INFO: common: yaml file: configs\config.yaml loaded successfully]
[2025-12-03 11:54:28,914: INFO: common: yaml file: params.yaml loaded successfully]
[2025-12-03 11:54:28,914: INFO: common: Directory created at: artifacts]
[2025-12-03 11:54:28,914: INFO: common: Directory created at: artifacts/prepare_base_model]
[2025-12-03 11:54:29,417: WARNING: saving_utils: Compiled the loaded model, but the compiled metrics have yet to be built. `model.compile_metrics` will be empty until you train or evaluate the model.]
[2025-12-03 11:54:29,665: INFO: main: >>>>>>>>>> Stage Prepare Base Model Stage completed <<<<<<<<<<

x==========x]
[2025-12-04 07:59:50,056: INFO: common: yaml file: configs\config.yaml loaded successfully]
[2025-12-04 07:59:50,064: INFO: common: yaml file: params.yaml loaded successfully]
[2025-12-04 08:03:38,674: INFO: common: yaml file: configs\config.yaml loaded successfully]
[2025-12-04 08:03:38,679: INFO: common: yaml file: params.yaml loaded successfully]
[2025-12-04 08:03:38,682: INFO: common: Directory created at: artifacts]
[2025-12-04 08:04:32,726: ERROR: common: Error reading the yaml file: [Errno 2] No such file or directory: 'configs\\config.yaml']
[2025-12-04 08:05:20,211: INFO: common: yaml file: configs\config.yaml loaded successfully]
[2025-12-04 08:05:20,216: INFO: common: yaml file: params.yaml loaded successfully]
[2025-12-04 08:05:20,217: INFO: common: Directory created at: artifacts]
[2025-12-04 14:37:24,977: INFO: common: yaml file: configs\config.yaml loaded successfully]
[2025-12-04 14:37:24,980: INFO: common: yaml file: params.yaml loaded successfully]
[2025-12-04 14:37:24,983: INFO: common: Directory created at: artifacts]
[2025-12-04 14:39:28,122: INFO: common: yaml file: configs\config.yaml loaded successfully]
[2025-12-04 14:39:28,124: INFO: common: yaml file: params.yaml loaded successfully]
[2025-12-04 14:39:28,125: INFO: common: Directory created at: artifacts]
[2025-12-04 14:40:03,869: INFO: common: yaml file: configs\config.yaml loaded successfully]
[2025-12-04 14:40:03,871: INFO: common: yaml file: params.yaml loaded successfully]
[2025-12-04 14:40:03,872: INFO: common: Directory created at: artifacts]
[2025-12-04 14:40:03,872: INFO: common: Directory created at: artifacts\training]
[2025-12-04 14:41:32,907: INFO: common: yaml file: configs\config.yaml loaded successfully]
[2025-12-04 14:41:32,909: INFO: common: yaml file: params.yaml loaded successfully]
[2025-12-04 14:41:32,910: INFO: common: Directory created at: artifacts]
[2025-12-04 14:41:32,911: INFO: common: Directory created at: artifacts\training]
[2025-12-04 14:42:17,208: INFO: common: yaml file: configs\config.yaml loaded successfully]
[2025-12-04 14:42:17,211: INFO: common: yaml file: params.yaml loaded successfully]
[2025-12-04 14:42:17,212: INFO: common: Directory created at: artifacts]
[2025-12-04 14:42:17,213: INFO: common: Directory created at: artifacts\training]
[2025-12-04 14:43:36,984: INFO: common: yaml file: configs\config.yaml loaded successfully]
[2025-12-04 14:43:36,987: INFO: common: yaml file: params.yaml loaded successfully]
[2025-12-04 14:43:36,988: INFO: common: Directory created at: artifacts]
[2025-12-04 14:43:36,989: INFO: common: Directory created at: artifacts\training]
[2025-12-04 15:45:33,349: INFO: common: yaml file: configs\config.yaml loaded successfully]
[2025-12-04 15:45:33,351: INFO: common: yaml file: params.yaml loaded successfully]
[2025-12-04 15:45:33,352: INFO: common: Directory created at: artifacts]
[2025-12-04 15:45:33,354: INFO: common: Directory created at: artifacts\training]
[2025-12-06 09:02:19,468: INFO: main: >>>>>>>>>> Stage Data Ingestion Stage started <<<<<<<<<<]
[2025-12-06 09:02:19,472: INFO: common: yaml file: configs\config.yaml loaded successfully]
[2025-12-06 09:02:19,474: INFO: common: yaml file: params.yaml loaded successfully]
[2025-12-06 09:02:19,474: INFO: common: Directory created at: artifacts]
[2025-12-06 09:02:19,474: ERROR: main: "'ConfigBox' object has no attribute 'data_ingetsion'"]
Traceback (most recent call last):
  File "box\box.py", line 503, in box.box.Box.__getitem__
KeyError: 'data_ingetsion'

The above exception was the direct cause of the following exception:

Traceback (most recent call last):
  File "box\box.py", line 536, in box.box.Box.__getattr__
  File "box\box.py", line 524, in box.box.Box.__getitem__
box.exceptions.BoxKeyError: "'data_ingetsion'"

During handling of the above exception, another exception occurred:

Traceback (most recent call last):
  File "box\box.py", line 538, in box.box.Box.__getattr__
AttributeError: 'ConfigBox' object has no attribute 'data_ingetsion'

The above exception was the direct cause of the following exception:

Traceback (most recent call last):
  File "box\config_box.py", line 28, in box.config_box.ConfigBox.__getattr__
  File "box\box.py", line 552, in box.box.Box.__getattr__
box.exceptions.BoxKeyError: "'ConfigBox' object has no attribute 'data_ingetsion'"

During handling of the above exception, another exception occurred:

Traceback (most recent call last):
  File "box\box.py", line 503, in box.box.Box.__getitem__
KeyError: 'data_ingetsion'

The above exception was the direct cause of the following exception:

Traceback (most recent call last):
  File "box\box.py", line 536, in box.box.Box.__getattr__
  File "box\box.py", line 524, in box.box.Box.__getitem__
box.exceptions.BoxKeyError: "'data_ingetsion'"

During handling of the above exception, another exception occurred:

Traceback (most recent call last):
  File "box\box.py", line 538, in box.box.Box.__getattr__
AttributeError: 'ConfigBox' object has no attribute 'data_ingetsion'

The above exception was the direct cause of the following exception:

Traceback (most recent call last):
  File "D:\Projects\kidney-disease-classification\main.py", line 17, in <module>
    data_ingestion.main()
  File "d:\projects\kidney-disease-classification\src\cnnClassifier\pipeline\stage_01_data_ingestion.py", line 14, in main
    data_ingestion_config = config.get_data_ingestion_config()
  File "d:\projects\kidney-disease-classification\src\cnnClassifier\config\configuration.py", line 18, in get_data_ingestion_config
    config = self.config.data_ingetsion
  File "box\config_box.py", line 30, in box.config_box.ConfigBox.__getattr__
  File "box\box.py", line 552, in box.box.Box.__getattr__
box.exceptions.BoxKeyError: "'ConfigBox' object has no attribute 'data_ingetsion'"
[2025-12-06 09:06:54,732: INFO: main: >>>>>>>>>> Stage Data Ingestion Stage started <<<<<<<<<<]
[2025-12-06 09:06:54,732: INFO: common: yaml file: configs\config.yaml loaded successfully]
[2025-12-06 09:06:54,732: INFO: common: yaml file: params.yaml loaded successfully]
[2025-12-06 09:06:54,732: INFO: common: Directory created at: artifacts]
[2025-12-06 09:06:54,732: INFO: common: Directory created at: artifacts/data_ingestion]
[2025-12-06 09:06:54,732: INFO: data_ingestion: Downloading file from :[https://drive.google.com/file/d/1vlhZ5c7abUKF8xXERIw6m9Te8fW7ohw3/view?usp=sharing] into :[artifacts/data_ingestion/data.zip]]
[2025-12-06 09:07:03,786: INFO: data_ingestion: File :[artifacts/data_ingestion/data.zip] has been downloaded successfully.]
[2025-12-06 09:07:03,788: INFO: data_ingestion: File size :[56361.28 KB]]
[2025-12-06 09:07:04,822: INFO: data_ingestion: Extraction completed successfully.]
[2025-12-06 09:07:04,822: INFO: main: >>>>>>>>>> Stage Data Ingestion Stage completed <<<<<<<<<<

x==========x]
[2025-12-06 09:07:04,822: INFO: main: >>>>>>>>>> Stage Prepare Base Model Stage started <<<<<<<<<<]
[2025-12-06 09:07:04,822: INFO: common: yaml file: configs\config.yaml loaded successfully]
[2025-12-06 09:07:04,822: INFO: common: yaml file: params.yaml loaded successfully]
[2025-12-06 09:07:04,822: INFO: common: Directory created at: artifacts]
[2025-12-06 09:07:04,822: INFO: common: Directory created at: artifacts/prepare_base_model]
[2025-12-06 09:07:05,841: WARNING: saving_utils: Compiled the loaded model, but the compiled metrics have yet to be built. `model.compile_metrics` will be empty until you train or evaluate the model.]
[2025-12-06 09:07:06,300: INFO: main: >>>>>>>>>> Stage Prepare Base Model Stage completed <<<<<<<<<<

x==========x]
[2025-12-06 09:07:06,300: INFO: main: >>>>>>>>>> Stage Model Training Stage started <<<<<<<<<<]
[2025-12-06 09:07:06,300: INFO: common: yaml file: configs\config.yaml loaded successfully]
[2025-12-06 09:07:06,308: INFO: common: yaml file: params.yaml loaded successfully]
[2025-12-06 09:07:06,308: INFO: common: Directory created at: artifacts]
[2025-12-06 09:07:06,308: ERROR: main: 'ModelTrainingPipeline' object has no attribute 'config']
Traceback (most recent call last):
  File "D:\Projects\kidney-disease-classification\main.py", line 41, in <module>
    model_training.main()
  File "d:\projects\kidney-disease-classification\src\cnnClassifier\pipeline\stage_03_model_training.py", line 16, in main
    training_config = self.config.get_model_training_config()
AttributeError: 'ModelTrainingPipeline' object has no attribute 'config'
[2025-12-06 09:09:30,364: INFO: main: >>>>>>>>>> Stage Data Ingestion Stage started <<<<<<<<<<]
[2025-12-06 09:09:30,364: INFO: common: yaml file: configs\config.yaml loaded successfully]
[2025-12-06 09:09:30,366: INFO: common: yaml file: params.yaml loaded successfully]
[2025-12-06 09:09:30,366: INFO: common: Directory created at: artifacts]
[2025-12-06 09:09:30,366: INFO: common: Directory created at: artifacts/data_ingestion]
[2025-12-06 09:09:30,366: INFO: data_ingestion: Downloading file from :[https://drive.google.com/file/d/1vlhZ5c7abUKF8xXERIw6m9Te8fW7ohw3/view?usp=sharing] into :[artifacts/data_ingestion/data.zip]]
[2025-12-06 09:09:38,682: INFO: data_ingestion: File :[artifacts/data_ingestion/data.zip] has been downloaded successfully.]
[2025-12-06 09:09:38,682: INFO: data_ingestion: File size :[56361.28 KB]]
[2025-12-06 09:09:39,906: INFO: data_ingestion: Extraction completed successfully.]
[2025-12-06 09:09:39,908: INFO: main: >>>>>>>>>> Stage Data Ingestion Stage completed <<<<<<<<<<

x==========x]
[2025-12-06 09:09:39,909: INFO: main: >>>>>>>>>> Stage Prepare Base Model Stage started <<<<<<<<<<]
[2025-12-06 09:09:39,912: INFO: common: yaml file: configs\config.yaml loaded successfully]
[2025-12-06 09:09:39,916: INFO: common: yaml file: params.yaml loaded successfully]
[2025-12-06 09:09:39,923: INFO: common: Directory created at: artifacts]
[2025-12-06 09:09:39,947: INFO: common: Directory created at: artifacts/prepare_base_model]
[2025-12-06 09:09:40,920: WARNING: saving_utils: Compiled the loaded model, but the compiled metrics have yet to be built. `model.compile_metrics` will be empty until you train or evaluate the model.]
[2025-12-06 09:09:41,360: INFO: main: >>>>>>>>>> Stage Prepare Base Model Stage completed <<<<<<<<<<

x==========x]
[2025-12-06 09:09:41,365: INFO: main: >>>>>>>>>> Stage Model Training Stage started <<<<<<<<<<]
[2025-12-06 09:09:41,369: INFO: common: yaml file: configs\config.yaml loaded successfully]
[2025-12-06 09:09:41,381: INFO: common: yaml file: params.yaml loaded successfully]
[2025-12-06 09:09:41,396: INFO: common: Directory created at: artifacts]
[2025-12-06 09:09:41,405: ERROR: main: 'configurationManager' object has no attribute 'get_model_training_config']
Traceback (most recent call last):
  File "D:\Projects\kidney-disease-classification\main.py", line 41, in <module>
    model_training.main()
  File "d:\projects\kidney-disease-classification\src\cnnClassifier\pipeline\stage_03_model_training.py", line 16, in main
    training_config = config.get_model_training_config()
AttributeError: 'configurationManager' object has no attribute 'get_model_training_config'
[2025-12-08 12:42:31,862: INFO: main: >>>>>>>>>> Stage Data Ingestion Stage started <<<<<<<<<<]
[2025-12-08 12:42:31,862: INFO: common: yaml file: configs\config.yaml loaded successfully]
[2025-12-08 12:42:31,868: INFO: common: yaml file: params.yaml loaded successfully]
[2025-12-08 12:42:31,868: INFO: common: Directory created at: artifacts]
[2025-12-08 12:42:31,868: INFO: common: Directory created at: artifacts/data_ingestion]
[2025-12-08 12:42:31,868: INFO: data_ingestion: Downloading file from :[https://drive.google.com/file/d/1vlhZ5c7abUKF8xXERIw6m9Te8fW7ohw3/view?usp=sharing] into :[artifacts/data_ingestion/data.zip]]
[2025-12-08 12:42:43,573: INFO: data_ingestion: File :[artifacts/data_ingestion/data.zip] has been downloaded successfully.]
[2025-12-08 12:42:43,577: INFO: data_ingestion: File size :[56361.28 KB]]
[2025-12-08 12:42:44,196: INFO: data_ingestion: Extraction completed successfully.]
[2025-12-08 12:42:44,196: INFO: main: >>>>>>>>>> Stage Data Ingestion Stage completed <<<<<<<<<<

x==========x]
[2025-12-08 12:42:44,196: INFO: main: >>>>>>>>>> Stage Prepare Base Model Stage started <<<<<<<<<<]
[2025-12-08 12:42:44,198: INFO: common: yaml file: configs\config.yaml loaded successfully]
[2025-12-08 12:42:44,198: INFO: common: yaml file: params.yaml loaded successfully]
[2025-12-08 12:42:44,200: INFO: common: Directory created at: artifacts]
[2025-12-08 12:42:44,201: INFO: common: Directory created at: artifacts/prepare_base_model]
[2025-12-08 12:42:44,927: WARNING: saving_utils: Compiled the loaded model, but the compiled metrics have yet to be built. `model.compile_metrics` will be empty until you train or evaluate the model.]
[2025-12-08 12:42:45,142: INFO: main: >>>>>>>>>> Stage Prepare Base Model Stage completed <<<<<<<<<<

x==========x]
[2025-12-08 12:42:45,144: INFO: main: >>>>>>>>>> Stage Model Training Stage started <<<<<<<<<<]
[2025-12-08 12:42:45,145: INFO: common: yaml file: configs\config.yaml loaded successfully]
[2025-12-08 12:42:45,145: INFO: common: yaml file: params.yaml loaded successfully]
[2025-12-08 12:42:45,148: INFO: common: Directory created at: artifacts]
[2025-12-08 12:42:45,148: ERROR: main: name 'os' is not defined]
Traceback (most recent call last):
  File "D:\Projects\kidney-disease-classification\main.py", line 41, in <module>
    model_training.main()
  File "d:\projects\kidney-disease-classification\src\cnnClassifier\pipeline\stage_03_model_training.py", line 16, in main
    training_config = config.get_training_config()
  File "d:\projects\kidney-disease-classification\src\cnnClassifier\config\configuration.py", line 54, in get_training_config
    training_data = os.path.join(self.config.data_ingestion.unzip_dir, "kidney-ct-scan-image")
NameError: name 'os' is not defined
[2025-12-08 12:44:06,318: INFO: main: >>>>>>>>>> Stage Data Ingestion Stage started <<<<<<<<<<]
[2025-12-08 12:44:06,318: INFO: common: yaml file: configs\config.yaml loaded successfully]
[2025-12-08 12:44:06,318: INFO: common: yaml file: params.yaml loaded successfully]
[2025-12-08 12:44:06,318: INFO: common: Directory created at: artifacts]
[2025-12-08 12:44:06,318: INFO: common: Directory created at: artifacts/data_ingestion]
[2025-12-08 12:44:06,318: INFO: data_ingestion: Downloading file from :[https://drive.google.com/file/d/1vlhZ5c7abUKF8xXERIw6m9Te8fW7ohw3/view?usp=sharing] into :[artifacts/data_ingestion/data.zip]]
[2025-12-08 12:44:12,700: INFO: data_ingestion: File :[artifacts/data_ingestion/data.zip] has been downloaded successfully.]
[2025-12-08 12:44:12,700: INFO: data_ingestion: File size :[56361.28 KB]]
[2025-12-08 12:44:13,144: INFO: data_ingestion: Extraction completed successfully.]
[2025-12-08 12:44:13,146: INFO: main: >>>>>>>>>> Stage Data Ingestion Stage completed <<<<<<<<<<

x==========x]
[2025-12-08 12:44:13,146: INFO: main: >>>>>>>>>> Stage Prepare Base Model Stage started <<<<<<<<<<]
[2025-12-08 12:44:13,146: INFO: common: yaml file: configs\config.yaml loaded successfully]
[2025-12-08 12:44:13,148: INFO: common: yaml file: params.yaml loaded successfully]
[2025-12-08 12:44:13,148: INFO: common: Directory created at: artifacts]
[2025-12-08 12:44:13,148: INFO: common: Directory created at: artifacts/prepare_base_model]
[2025-12-08 12:44:13,540: WARNING: saving_utils: Compiled the loaded model, but the compiled metrics have yet to be built. `model.compile_metrics` will be empty until you train or evaluate the model.]
[2025-12-08 12:44:13,778: INFO: main: >>>>>>>>>> Stage Prepare Base Model Stage completed <<<<<<<<<<

x==========x]
[2025-12-08 12:44:13,779: INFO: main: >>>>>>>>>> Stage Model Training Stage started <<<<<<<<<<]
[2025-12-08 12:44:13,780: INFO: common: yaml file: configs\config.yaml loaded successfully]
[2025-12-08 12:44:13,781: INFO: common: yaml file: params.yaml loaded successfully]
[2025-12-08 12:44:13,782: INFO: common: Directory created at: artifacts]
[2025-12-08 12:44:13,783: INFO: common: Directory created at: artifacts\training]
[2025-12-08 13:52:37,938: INFO: main: >>>>>>>>>> Stage Model Training Stage completed <<<<<<<<<<

x==========x]
[2025-12-08 15:39:08,947: INFO: common: yaml file: configs\config.yaml loaded successfully]
[2025-12-08 15:39:08,947: INFO: common: yaml file: params.yaml loaded successfully]
[2025-12-08 15:39:08,947: INFO: common: Directory created at: artifacts]
[2025-12-08 15:40:26,762: INFO: common: yaml file: configs\config.yaml loaded successfully]
[2025-12-08 15:40:26,764: INFO: common: yaml file: params.yaml loaded successfully]
[2025-12-08 15:40:26,765: INFO: common: Directory created at: artifacts]
[2025-12-08 15:47:41,961: INFO: common: yaml file: configs\config.yaml loaded successfully]
[2025-12-08 15:47:41,963: INFO: common: yaml file: params.yaml loaded successfully]
[2025-12-08 15:47:41,964: INFO: common: Directory created at: artifacts]
[2025-12-08 15:48:07,767: WARNING: save: Found untraced functions such as _jit_compiled_convolution_op, _jit_compiled_convolution_op, _jit_compiled_convolution_op, _jit_compiled_convolution_op, _jit_compiled_convolution_op while saving (showing 5 of 14). These functions will not be directly callable after loading.]
[2025-12-08 15:48:08,619: INFO: builder_impl: Assets written to: C:\Users\hp\AppData\Local\Temp\tmpzetaaf9j\model\data\model\assets]
[2025-12-08 21:58:40,940: INFO: common: yaml file: configs\config.yaml loaded successfully]
[2025-12-08 21:58:40,943: INFO: common: yaml file: params.yaml loaded successfully]
[2025-12-08 21:58:40,948: INFO: common: Directory created at: artifacts]
[2025-12-08 22:00:08,340: INFO: common: yaml file: configs\config.yaml loaded successfully]
[2025-12-08 22:00:08,341: INFO: common: yaml file: params.yaml loaded successfully]
[2025-12-08 22:00:08,345: INFO: common: Directory created at: artifacts]
[2025-12-08 22:03:14,077: INFO: common: yaml file: configs\config.yaml loaded successfully]
[2025-12-08 22:03:14,079: INFO: common: yaml file: params.yaml loaded successfully]
[2025-12-08 22:03:14,079: INFO: common: Directory created at: artifacts]
[2025-12-08 22:04:45,073: INFO: common: yaml file: configs\config.yaml loaded successfully]
[2025-12-08 22:04:45,075: INFO: common: yaml file: params.yaml loaded successfully]
[2025-12-08 22:04:45,078: INFO: common: Directory created at: artifacts]
[2025-12-08 22:05:37,421: INFO: common: yaml file: configs\config.yaml loaded successfully]
[2025-12-08 22:05:37,424: INFO: common: yaml file: params.yaml loaded successfully]
[2025-12-08 22:05:37,425: INFO: common: Directory created at: artifacts]
[2025-12-08 22:06:24,948: INFO: common: yaml file: configs\config.yaml loaded successfully]
[2025-12-08 22:06:24,948: INFO: common: yaml file: params.yaml loaded successfully]
[2025-12-08 22:06:24,954: INFO: common: Directory created at: artifacts]
[2025-12-08 22:07:44,728: INFO: common: yaml file: configs\config.yaml loaded successfully]
[2025-12-08 22:07:44,729: INFO: common: yaml file: params.yaml loaded successfully]
[2025-12-08 22:07:44,731: INFO: common: Directory created at: artifacts]
[2025-12-08 22:08:20,993: INFO: common: yaml file: configs\config.yaml loaded successfully]
[2025-12-08 22:08:20,996: INFO: common: yaml file: params.yaml loaded successfully]
[2025-12-08 22:08:20,997: INFO: common: Directory created at: artifacts]
[2025-12-08 22:10:15,643: INFO: common: yaml file: configs\config.yaml loaded successfully]
[2025-12-08 22:10:15,647: INFO: common: yaml file: params.yaml loaded successfully]
[2025-12-08 22:10:15,649: INFO: common: Directory created at: artifacts]
[2025-12-08 22:12:44,276: INFO: common: yaml file: configs\config.yaml loaded successfully]
[2025-12-08 22:12:44,279: INFO: common: yaml file: params.yaml loaded successfully]
[2025-12-08 22:12:44,283: INFO: common: Directory created at: artifacts]
[2025-12-08 22:13:28,939: INFO: common: yaml file: configs\config.yaml loaded successfully]
[2025-12-08 22:13:28,941: INFO: common: yaml file: params.yaml loaded successfully]
[2025-12-08 22:13:28,945: INFO: common: Directory created at: artifacts]
[2025-12-08 22:13:47,208: WARNING: save: Found untraced functions such as _jit_compiled_convolution_op, _jit_compiled_convolution_op, _jit_compiled_convolution_op, _jit_compiled_convolution_op, _jit_compiled_convolution_op while saving (showing 5 of 14). These functions will not be directly callable after loading.]
[2025-12-08 22:13:48,474: INFO: builder_impl: Assets written to: C:\Users\hp\AppData\Local\Temp\tmp5hd99ww3\model\data\model\assets]
[2025-12-08 22:41:25,250: INFO: common: yaml file: configs\config.yaml loaded successfully]
[2025-12-08 22:41:25,255: INFO: common: yaml file: params.yaml loaded successfully]
[2025-12-08 22:41:25,257: INFO: common: Directory created at: artifacts]
[2025-12-08 22:41:47,307: WARNING: save: Found untraced functions such as _jit_compiled_convolution_op, _jit_compiled_convolution_op, _jit_compiled_convolution_op, _jit_compiled_convolution_op, _jit_compiled_convolution_op while saving (showing 5 of 14). These functions will not be directly callable after loading.]
[2025-12-08 22:41:47,773: INFO: builder_impl: Assets written to: C:\Users\hp\AppData\Local\Temp\tmpc50o11bl\model\data\model\assets]
[2025-12-08 22:43:44,490: INFO: common: yaml file: configs\config.yaml loaded successfully]
[2025-12-08 22:43:44,494: INFO: common: yaml file: params.yaml loaded successfully]
[2025-12-08 22:43:44,495: INFO: common: Directory created at: artifacts]
[2025-12-08 22:43:56,971: INFO: common: json file saved at: scores.json]
[2025-12-08 22:43:59,230: WARNING: save: Found untraced functions such as _jit_compiled_convolution_op, _jit_compiled_convolution_op, _jit_compiled_convolution_op, _jit_compiled_convolution_op, _jit_compiled_convolution_op while saving (showing 5 of 14). These functions will not be directly callable after loading.]
[2025-12-08 22:43:59,799: INFO: builder_impl: Assets written to: C:\Users\hp\AppData\Local\Temp\tmpua3ea220\model\data\model\assets]
[2025-12-10 14:41:52,107: INFO: stage_01_data_ingestion: >>>>>>>>>> Stage Data Ingestion Stage started <<<<<<<<<<]
[2025-12-10 14:41:52,107: INFO: common: yaml file: configs\config.yaml loaded successfully]
[2025-12-10 14:41:52,107: INFO: common: yaml file: params.yaml loaded successfully]
[2025-12-10 14:41:52,114: INFO: common: Directory created at: artifacts]
[2025-12-10 14:41:52,114: INFO: common: Directory created at: artifacts/data_ingestion]
[2025-12-10 14:41:52,114: INFO: data_ingestion: Downloading file from :[https://drive.google.com/file/d/1vlhZ5c7abUKF8xXERIw6m9Te8fW7ohw3/view?usp=sharing] into :[artifacts/data_ingestion/data.zip]]
[2025-12-10 14:42:09,465: INFO: data_ingestion: File :[artifacts/data_ingestion/data.zip] has been downloaded successfully.]
[2025-12-10 14:42:09,465: INFO: data_ingestion: File size :[56361.28 KB]]
[2025-12-10 14:42:09,936: INFO: data_ingestion: Extraction completed successfully.]
[2025-12-10 14:42:09,936: INFO: stage_01_data_ingestion: >>>>>>>>>> Stage Data Ingestion Stage completed <<<<<<<<<<

x==========x]
[2025-12-10 14:46:53,769: INFO: stage_01_data_ingestion: >>>>>>>>>> Stage Data Ingestion Stage started <<<<<<<<<<]
[2025-12-10 14:46:53,771: INFO: common: yaml file: configs\config.yaml loaded successfully]
[2025-12-10 14:46:53,771: INFO: common: yaml file: params.yaml loaded successfully]
[2025-12-10 14:46:53,774: INFO: common: Directory created at: artifacts]
[2025-12-10 14:46:53,774: INFO: common: Directory created at: artifacts/data_ingestion]
[2025-12-10 14:46:53,774: INFO: data_ingestion: Downloading file from :[https://drive.google.com/file/d/1vlhZ5c7abUKF8xXERIw6m9Te8fW7ohw3/view?usp=sharing] into :[artifacts/data_ingestion/data.zip]]
[2025-12-10 14:47:03,924: INFO: data_ingestion: File :[artifacts/data_ingestion/data.zip] has been downloaded successfully.]
[2025-12-10 14:47:03,931: INFO: data_ingestion: File size :[56361.28 KB]]
[2025-12-10 14:47:04,405: INFO: data_ingestion: Extraction completed successfully.]
[2025-12-10 14:47:04,405: INFO: stage_01_data_ingestion: >>>>>>>>>> Stage Data Ingestion Stage completed <<<<<<<<<<

x==========x]
[2025-12-10 14:47:26,950: INFO: stage_01_data_ingestion: >>>>>>>>>> Stage Data Ingestion Stage started <<<<<<<<<<]
[2025-12-10 14:47:26,950: INFO: common: yaml file: configs\config.yaml loaded successfully]
[2025-12-10 14:47:26,950: INFO: common: yaml file: params.yaml loaded successfully]
[2025-12-10 14:47:26,950: INFO: common: Directory created at: artifacts]
[2025-12-10 14:47:26,950: INFO: common: Directory created at: artifacts/data_ingestion]
[2025-12-10 14:47:26,950: INFO: data_ingestion: Downloading file from :[https://drive.google.com/file/d/1vlhZ5c7abUKF8xXERIw6m9Te8fW7ohw3/view?usp=sharing] into :[artifacts/data_ingestion/data.zip]]
[2025-12-10 14:47:33,123: INFO: data_ingestion: File :[artifacts/data_ingestion/data.zip] has been downloaded successfully.]
[2025-12-10 14:47:33,123: INFO: data_ingestion: File size :[56361.28 KB]]
[2025-12-10 14:47:33,624: INFO: data_ingestion: Extraction completed successfully.]
[2025-12-10 14:47:33,624: INFO: stage_01_data_ingestion: >>>>>>>>>> Stage Data Ingestion Stage completed <<<<<<<<<<

x==========x]
[2025-12-10 14:52:28,937: INFO: stage_01_data_ingestion: >>>>>>>>>> Stage Data Ingestion Stage started <<<<<<<<<<]
[2025-12-10 14:52:28,940: INFO: common: yaml file: configs\config.yaml loaded successfully]
[2025-12-10 14:52:28,940: INFO: common: yaml file: params.yaml loaded successfully]
[2025-12-10 14:52:28,942: INFO: common: Directory created at: artifacts]
[2025-12-10 14:52:28,942: INFO: common: Directory created at: artifacts/data_ingestion]
[2025-12-10 14:52:28,942: INFO: data_ingestion: Downloading file from :[https://drive.google.com/file/d/1vlhZ5c7abUKF8xXERIw6m9Te8fW7ohw3/view?usp=sharing] into :[artifacts/data_ingestion/data.zip]]
[2025-12-10 14:52:38,791: INFO: data_ingestion: File :[artifacts/data_ingestion/data.zip] has been downloaded successfully.]
[2025-12-10 14:52:38,795: INFO: data_ingestion: File size :[56361.28 KB]]
[2025-12-10 14:52:39,282: INFO: data_ingestion: Extraction completed successfully.]
[2025-12-10 14:52:39,282: INFO: stage_01_data_ingestion: >>>>>>>>>> Stage Data Ingestion Stage completed <<<<<<<<<<

x==========x]
[2025-12-10 14:55:25,257: INFO: stage_02_prepare_base_model: >>>>>>>>>> Stage Prepare Base Model Stage started <<<<<<<<<<]
[2025-12-10 14:55:25,257: INFO: common: yaml file: configs\config.yaml loaded successfully]
[2025-12-10 14:55:25,266: INFO: common: yaml file: params.yaml loaded successfully]
[2025-12-10 14:55:25,267: INFO: common: Directory created at: artifacts]
[2025-12-10 14:55:25,267: INFO: common: Directory created at: artifacts/prepare_base_model]
[2025-12-10 14:55:26,476: WARNING: saving_utils: Compiled the loaded model, but the compiled metrics have yet to be built. `model.compile_metrics` will be empty until you train or evaluate the model.]
[2025-12-10 14:55:26,982: INFO: stage_02_prepare_base_model: >>>>>>>>>> Stage Prepare Base Model Stage completed <<<<<<<<<<

x==========x]
[2025-12-10 15:03:05,777: INFO: stage_03_model_training: >>>>>> Stage Model Training Stage started <<<<<<]
[2025-12-10 15:03:05,777: INFO: common: yaml file: configs\config.yaml loaded successfully]
[2025-12-10 15:03:05,777: INFO: common: yaml file: params.yaml loaded successfully]
[2025-12-10 15:03:05,777: INFO: common: Directory created at: artifacts]
[2025-12-10 15:03:05,777: INFO: common: Directory created at: artifacts\training]
[2025-12-10 16:30:09,606: INFO: stage_03_model_training: >>>>>> Stage Model Training Stage completed <<<<<<

x==========x]
[2025-12-10 16:34:29,929: INFO: satge_04_model_evaluation_mlflow: >>>>>>>>>> Stage Model Evaluation with MLflow started <<<<<<<<<<]
[2025-12-10 16:34:29,932: INFO: common: yaml file: configs\config.yaml loaded successfully]
[2025-12-10 16:34:29,934: INFO: common: yaml file: params.yaml loaded successfully]
[2025-12-10 16:34:29,934: INFO: common: Directory created at: artifacts]
[2025-12-10 16:34:52,913: INFO: common: json file saved at: scores.json]
[2025-12-10 16:34:52,914: INFO: common: json file saved at: scores.json]
[2025-12-10 16:34:56,935: ERROR: satge_04_model_evaluation_mlflow: API request to endpoint /api/2.0/mlflow/runs/create failed with error code 403 != 200. Response body: '']
Traceback (most recent call last):
  File "D:\Projects\kidney-disease-classification\src\cnnClassifier\pipeline\satge_04_model_evaluation_mlflow.py", line 25, in <module>
    obj.main()
  File "D:\Projects\kidney-disease-classification\src\cnnClassifier\pipeline\satge_04_model_evaluation_mlflow.py", line 18, in main
    evaluation.log_into_mlflow()
  File "d:\projects\kidney-disease-classification\src\cnnClassifier\components\model_evaluation.py", line 61, in log_into_mlflow
    with mlflow.start_run():
  File "D:\Projects\kidney-disease-classification\venv\lib\site-packages\mlflow\tracking\fluent.py", line 350, in start_run
    active_run_obj = client.create_run(
  File "D:\Projects\kidney-disease-classification\venv\lib\site-packages\mlflow\tracking\client.py", line 275, in create_run
    return self._tracking_client.create_run(experiment_id, start_time, tags, run_name)
  File "D:\Projects\kidney-disease-classification\venv\lib\site-packages\mlflow\tracking\_tracking_service\client.py", line 131, in create_run
    return self.store.create_run(
  File "D:\Projects\kidney-disease-classification\venv\lib\site-packages\mlflow\store\tracking\rest_store.py", line 175, in create_run
    response_proto = self._call_endpoint(CreateRun, req_body)
  File "D:\Projects\kidney-disease-classification\venv\lib\site-packages\mlflow\store\tracking\rest_store.py", line 56, in _call_endpoint
    return call_endpoint(self.get_host_creds(), endpoint, method, json_body, response_proto)
  File "D:\Projects\kidney-disease-classification\venv\lib\site-packages\mlflow\utils\rest_utils.py", line 281, in call_endpoint
    response = verify_rest_response(response, endpoint)
  File "D:\Projects\kidney-disease-classification\venv\lib\site-packages\mlflow\utils\rest_utils.py", line 213, in verify_rest_response
    raise MlflowException(
mlflow.exceptions.MlflowException: API request to endpoint /api/2.0/mlflow/runs/create failed with error code 403 != 200. Response body: ''
[2025-12-10 16:49:25,197: INFO: satge_04_model_evaluation_mlflow: >>>>>>>>>> Stage Model Evaluation with MLflow started <<<<<<<<<<]
[2025-12-10 16:49:25,197: INFO: common: yaml file: configs\config.yaml loaded successfully]
[2025-12-10 16:49:25,213: INFO: common: yaml file: params.yaml loaded successfully]
[2025-12-10 16:49:25,213: INFO: common: Directory created at: artifacts]
[2025-12-10 16:49:46,591: INFO: common: json file saved at: scores.json]
[2025-12-10 16:49:46,592: INFO: common: json file saved at: scores.json]
[2025-12-10 16:49:52,294: ERROR: satge_04_model_evaluation_mlflow: API request to endpoint /api/2.0/mlflow/runs/create failed with error code 403 != 200. Response body: '']
Traceback (most recent call last):
  File "D:\Projects\kidney-disease-classification\src\cnnClassifier\pipeline\satge_04_model_evaluation_mlflow.py", line 25, in <module>
    obj.main()
  File "D:\Projects\kidney-disease-classification\src\cnnClassifier\pipeline\satge_04_model_evaluation_mlflow.py", line 18, in main
    evaluation.log_into_mlflow()
  File "d:\projects\kidney-disease-classification\src\cnnClassifier\components\model_evaluation.py", line 61, in log_into_mlflow
    with mlflow.start_run():
  File "D:\Projects\kidney-disease-classification\venv\lib\site-packages\mlflow\tracking\fluent.py", line 350, in start_run
    active_run_obj = client.create_run(
  File "D:\Projects\kidney-disease-classification\venv\lib\site-packages\mlflow\tracking\client.py", line 275, in create_run
    return self._tracking_client.create_run(experiment_id, start_time, tags, run_name)
  File "D:\Projects\kidney-disease-classification\venv\lib\site-packages\mlflow\tracking\_tracking_service\client.py", line 131, in create_run
    return self.store.create_run(
  File "D:\Projects\kidney-disease-classification\venv\lib\site-packages\mlflow\store\tracking\rest_store.py", line 175, in create_run
    response_proto = self._call_endpoint(CreateRun, req_body)
  File "D:\Projects\kidney-disease-classification\venv\lib\site-packages\mlflow\store\tracking\rest_store.py", line 56, in _call_endpoint
    return call_endpoint(self.get_host_creds(), endpoint, method, json_body, response_proto)
  File "D:\Projects\kidney-disease-classification\venv\lib\site-packages\mlflow\utils\rest_utils.py", line 281, in call_endpoint
    response = verify_rest_response(response, endpoint)
  File "D:\Projects\kidney-disease-classification\venv\lib\site-packages\mlflow\utils\rest_utils.py", line 213, in verify_rest_response
    raise MlflowException(
mlflow.exceptions.MlflowException: API request to endpoint /api/2.0/mlflow/runs/create failed with error code 403 != 200. Response body: ''
[2025-12-10 16:54:32,010: INFO: satge_04_model_evaluation_mlflow: >>>>>>>>>> Stage Model Evaluation with MLflow started <<<<<<<<<<]
[2025-12-10 16:54:32,010: INFO: common: yaml file: configs\config.yaml loaded successfully]
[2025-12-10 16:54:32,013: INFO: common: yaml file: params.yaml loaded successfully]
[2025-12-10 16:54:32,013: INFO: common: Directory created at: artifacts]
[2025-12-10 16:54:51,618: INFO: common: json file saved at: scores.json]
[2025-12-10 16:54:51,618: INFO: common: json file saved at: scores.json]
[2025-12-10 16:54:54,179: ERROR: satge_04_model_evaluation_mlflow: API request to endpoint /api/2.0/mlflow/runs/create failed with error code 403 != 200. Response body: '']
Traceback (most recent call last):
  File "D:\Projects\kidney-disease-classification\src\cnnClassifier\pipeline\satge_04_model_evaluation_mlflow.py", line 25, in <module>
    obj.main()
  File "D:\Projects\kidney-disease-classification\src\cnnClassifier\pipeline\satge_04_model_evaluation_mlflow.py", line 18, in main
    evaluation.log_into_mlflow()
  File "d:\projects\kidney-disease-classification\src\cnnClassifier\components\model_evaluation.py", line 61, in log_into_mlflow
    with mlflow.start_run():
  File "D:\Projects\kidney-disease-classification\venv\lib\site-packages\mlflow\tracking\fluent.py", line 350, in start_run
    active_run_obj = client.create_run(
  File "D:\Projects\kidney-disease-classification\venv\lib\site-packages\mlflow\tracking\client.py", line 275, in create_run
    return self._tracking_client.create_run(experiment_id, start_time, tags, run_name)
  File "D:\Projects\kidney-disease-classification\venv\lib\site-packages\mlflow\tracking\_tracking_service\client.py", line 131, in create_run
    return self.store.create_run(
  File "D:\Projects\kidney-disease-classification\venv\lib\site-packages\mlflow\store\tracking\rest_store.py", line 175, in create_run
    response_proto = self._call_endpoint(CreateRun, req_body)
  File "D:\Projects\kidney-disease-classification\venv\lib\site-packages\mlflow\store\tracking\rest_store.py", line 56, in _call_endpoint
    return call_endpoint(self.get_host_creds(), endpoint, method, json_body, response_proto)
  File "D:\Projects\kidney-disease-classification\venv\lib\site-packages\mlflow\utils\rest_utils.py", line 281, in call_endpoint
    response = verify_rest_response(response, endpoint)
  File "D:\Projects\kidney-disease-classification\venv\lib\site-packages\mlflow\utils\rest_utils.py", line 213, in verify_rest_response
    raise MlflowException(
mlflow.exceptions.MlflowException: API request to endpoint /api/2.0/mlflow/runs/create failed with error code 403 != 200. Response body: ''
[2025-12-10 17:01:44,261: INFO: satge_04_model_evaluation_mlflow: >>>>>>>>>> Stage Model Evaluation with MLflow started <<<<<<<<<<]
[2025-12-10 17:01:44,261: INFO: common: yaml file: configs\config.yaml loaded successfully]
[2025-12-10 17:01:44,261: INFO: common: yaml file: params.yaml loaded successfully]
[2025-12-10 17:01:44,261: INFO: common: Directory created at: artifacts]
[2025-12-10 17:02:03,222: INFO: common: json file saved at: scores.json]
[2025-12-10 17:02:03,222: INFO: common: json file saved at: scores.json]
[2025-12-10 17:02:06,809: ERROR: satge_04_model_evaluation_mlflow: API request to endpoint /api/2.0/mlflow/runs/create failed with error code 403 != 200. Response body: '']
Traceback (most recent call last):
  File "D:\Projects\kidney-disease-classification\src\cnnClassifier\pipeline\satge_04_model_evaluation_mlflow.py", line 25, in <module>
    obj.main()
  File "D:\Projects\kidney-disease-classification\src\cnnClassifier\pipeline\satge_04_model_evaluation_mlflow.py", line 18, in main
    evaluation.log_into_mlflow()
  File "d:\projects\kidney-disease-classification\src\cnnClassifier\components\model_evaluation.py", line 61, in log_into_mlflow
    with mlflow.start_run():
  File "D:\Projects\kidney-disease-classification\venv\lib\site-packages\mlflow\tracking\fluent.py", line 350, in start_run
    active_run_obj = client.create_run(
  File "D:\Projects\kidney-disease-classification\venv\lib\site-packages\mlflow\tracking\client.py", line 275, in create_run
    return self._tracking_client.create_run(experiment_id, start_time, tags, run_name)
  File "D:\Projects\kidney-disease-classification\venv\lib\site-packages\mlflow\tracking\_tracking_service\client.py", line 131, in create_run
    return self.store.create_run(
  File "D:\Projects\kidney-disease-classification\venv\lib\site-packages\mlflow\store\tracking\rest_store.py", line 175, in create_run
    response_proto = self._call_endpoint(CreateRun, req_body)
  File "D:\Projects\kidney-disease-classification\venv\lib\site-packages\mlflow\store\tracking\rest_store.py", line 56, in _call_endpoint
    return call_endpoint(self.get_host_creds(), endpoint, method, json_body, response_proto)
  File "D:\Projects\kidney-disease-classification\venv\lib\site-packages\mlflow\utils\rest_utils.py", line 281, in call_endpoint
    response = verify_rest_response(response, endpoint)
  File "D:\Projects\kidney-disease-classification\venv\lib\site-packages\mlflow\utils\rest_utils.py", line 213, in verify_rest_response
    raise MlflowException(
mlflow.exceptions.MlflowException: API request to endpoint /api/2.0/mlflow/runs/create failed with error code 403 != 200. Response body: ''
[2025-12-11 11:54:34,197: INFO: satge_04_model_evaluation_mlflow: >>>>>>>>>> Stage Model Evaluation with MLflow started <<<<<<<<<<]
[2025-12-11 11:54:34,199: INFO: common: yaml file: configs\config.yaml loaded successfully]
[2025-12-11 11:54:34,207: INFO: common: yaml file: params.yaml loaded successfully]
[2025-12-11 11:54:34,213: INFO: common: Directory created at: artifacts]
[2025-12-11 11:54:53,377: INFO: common: json file saved at: scores.json]
[2025-12-11 11:54:53,377: INFO: common: json file saved at: scores.json]
[2025-12-11 11:54:57,812: WARNING: save: Found untraced functions such as _jit_compiled_convolution_op, _jit_compiled_convolution_op, _jit_compiled_convolution_op, _jit_compiled_convolution_op, _jit_compiled_convolution_op while saving (showing 5 of 14). These functions will not be directly callable after loading.]
[2025-12-11 11:54:58,373: INFO: builder_impl: Assets written to: C:\Users\hp\AppData\Local\Temp\tmpdb5pdkrh\model\data\model\assets]
[2025-12-11 11:56:30,353: INFO: satge_04_model_evaluation_mlflow: >>>>>>>>>> Stage Model Evaluation with MLflow completed <<<<<<<<<<

x==========x]
[2025-12-12 17:56:27,456: INFO: _internal: [31m[1mWARNING: This is a development server. Do not use it in a production deployment. Use a production WSGI server instead.[0m
 * Running on all addresses (0.0.0.0)
 * Running on http://127.0.0.1:8080
 * Running on http://172.16.2.5:8080]
[2025-12-12 17:56:27,493: INFO: _internal: [33mPress CTRL+C to quit[0m]
[2025-12-12 17:56:27,496: INFO: _internal:  * Restarting with stat]
[2025-12-12 17:56:31,044: WARNING: _internal:  * Debugger is active!]
[2025-12-12 17:56:31,057: INFO: _internal:  * Debugger PIN: 101-503-287]
[2025-12-12 17:56:50,176: INFO: _internal: 127.0.0.1 - - [12/Dec/2025 17:56:50] "GET / HTTP/1.1" 200 -]
[2025-12-12 17:57:10,120: INFO: _internal: 127.0.0.1 - - [12/Dec/2025 17:57:10] "[35m[1mPOST /predict HTTP/1.1[0m" 500 -]
[2025-12-12 17:58:56,456: INFO: _internal:  * Detected change in 'd:\\projects\\kidney-disease-classification\\src\\cnnClassifier\\utils\\common.py', reloading]
[2025-12-12 17:58:57,611: INFO: _internal:  * Restarting with stat]
[2025-12-12 18:00:07,687: INFO: _internal: [31m[1mWARNING: This is a development server. Do not use it in a production deployment. Use a production WSGI server instead.[0m
 * Running on all addresses (0.0.0.0)
 * Running on http://127.0.0.1:8080
 * Running on http://172.16.2.5:8080]
[2025-12-12 18:00:07,687: INFO: _internal: [33mPress CTRL+C to quit[0m]
[2025-12-12 18:00:07,690: INFO: _internal:  * Restarting with stat]
[2025-12-12 18:00:10,572: WARNING: _internal:  * Debugger is active!]
[2025-12-12 18:00:10,572: INFO: _internal:  * Debugger PIN: 101-503-287]
[2025-12-12 18:00:23,331: INFO: _internal: 127.0.0.1 - - [12/Dec/2025 18:00:23] "GET / HTTP/1.1" 200 -]
[2025-12-12 18:00:29,722: INFO: _internal: 127.0.0.1 - - [12/Dec/2025 18:00:29] "[35m[1mPOST /predict HTTP/1.1[0m" 500 -]
[2025-12-12 18:02:41,628: INFO: _internal:  * Detected change in 'D:\\Projects\\kidney-disease-classification\\app.py', reloading]
[2025-12-12 18:02:42,831: INFO: _internal:  * Restarting with stat]
[2025-12-12 18:02:49,948: WARNING: _internal:  * Debugger is active!]
[2025-12-12 18:02:49,954: INFO: _internal:  * Debugger PIN: 101-503-287]
[2025-12-12 18:02:50,575: INFO: _internal: 127.0.0.1 - - [12/Dec/2025 18:02:50] "GET / HTTP/1.1" 200 -]
[2025-12-12 18:02:57,527: INFO: _internal: 127.0.0.1 - - [12/Dec/2025 18:02:57] "[35m[1mPOST /predict HTTP/1.1[0m" 500 -]
[2025-12-12 18:03:12,392: INFO: _internal:  * Detected change in 'D:\\Projects\\kidney-disease-classification\\app.py', reloading]
[2025-12-12 18:03:13,569: INFO: _internal:  * Restarting with stat]
[2025-12-12 18:03:21,625: WARNING: _internal:  * Debugger is active!]
[2025-12-12 18:03:21,625: INFO: _internal:  * Debugger PIN: 101-503-287]
[2025-12-12 18:03:22,195: INFO: _internal: 127.0.0.1 - - [12/Dec/2025 18:03:22] "GET / HTTP/1.1" 200 -]
[2025-12-12 18:03:31,492: INFO: _internal: 127.0.0.1 - - [12/Dec/2025 18:03:31] "[35m[1mPOST /predict HTTP/1.1[0m" 500 -]
[2025-12-12 18:04:52,118: INFO: _internal:  * Detected change in 'D:\\Projects\\kidney-disease-classification\\src\\cnnClassifier\\pipeline\\prediction.py', reloading]
[2025-12-12 18:04:53,427: INFO: _internal:  * Restarting with stat]
[2025-12-12 18:05:03,130: WARNING: _internal:  * Debugger is active!]
[2025-12-12 18:05:03,134: INFO: _internal:  * Debugger PIN: 101-503-287]
[2025-12-12 18:05:03,718: INFO: _internal: 127.0.0.1 - - [12/Dec/2025 18:05:03] "GET / HTTP/1.1" 200 -]
[2025-12-12 18:05:13,223: INFO: _internal: 127.0.0.1 - - [12/Dec/2025 18:05:13] "[35m[1mPOST /predict HTTP/1.1[0m" 500 -]
[2025-12-12 18:06:00,193: INFO: _internal:  * Detected change in 'D:\\Projects\\kidney-disease-classification\\src\\cnnClassifier\\pipeline\\prediction.py', reloading]
[2025-12-12 18:06:01,426: INFO: _internal:  * Restarting with stat]
[2025-12-12 18:06:07,390: WARNING: _internal:  * Debugger is active!]
[2025-12-12 18:06:07,390: INFO: _internal:  * Debugger PIN: 101-503-287]
[2025-12-12 18:06:09,378: INFO: _internal:  * Detected change in 'd:\\projects\\kidney-disease-classification\\src\\cnnClassifier\\pipeline\\prediction.py', reloading]
[2025-12-12 18:06:10,592: INFO: _internal:  * Restarting with stat]
[2025-12-12 18:06:16,402: WARNING: _internal:  * Debugger is active!]
[2025-12-12 18:06:16,409: INFO: _internal:  * Debugger PIN: 101-503-287]
[2025-12-12 18:06:19,624: INFO: _internal:  * Detected change in 'D:\\Projects\\kidney-disease-classification\\src\\cnnClassifier\\pipeline\\prediction.py', reloading]
[2025-12-12 18:06:20,848: INFO: _internal:  * Restarting with stat]
[2025-12-12 18:06:26,756: WARNING: _internal:  * Debugger is active!]
[2025-12-12 18:06:26,763: INFO: _internal:  * Debugger PIN: 101-503-287]
[2025-12-12 18:06:33,489: INFO: _internal: 127.0.0.1 - - [12/Dec/2025 18:06:33] "GET / HTTP/1.1" 200 -]
[2025-12-12 18:06:39,107: INFO: _internal: 127.0.0.1 - - [12/Dec/2025 18:06:39] "[35m[1mPOST /predict HTTP/1.1[0m" 500 -]
[2025-12-12 18:08:14,711: INFO: _internal: [31m[1mWARNING: This is a development server. Do not use it in a production deployment. Use a production WSGI server instead.[0m
 * Running on all addresses (0.0.0.0)
 * Running on http://127.0.0.1:8080
 * Running on http://172.16.2.5:8080]
[2025-12-12 18:08:14,711: INFO: _internal: [33mPress CTRL+C to quit[0m]
[2025-12-12 18:08:14,711: INFO: _internal:  * Restarting with stat]
[2025-12-12 18:08:22,268: WARNING: _internal:  * Debugger is active!]
[2025-12-12 18:08:22,268: INFO: _internal:  * Debugger PIN: 101-503-287]
[2025-12-12 18:08:22,580: INFO: _internal: 127.0.0.1 - - [12/Dec/2025 18:08:22] "GET / HTTP/1.1" 200 -]
[2025-12-12 18:08:33,367: INFO: _internal: 127.0.0.1 - - [12/Dec/2025 18:08:33] "POST /predict HTTP/1.1" 200 -]
[2025-12-12 18:08:53,839: INFO: _internal: 127.0.0.1 - - [12/Dec/2025 18:08:53] "POST /predict HTTP/1.1" 200 -]
[2025-12-12 18:09:03,276: INFO: _internal: 127.0.0.1 - - [12/Dec/2025 18:09:03] "POST /predict HTTP/1.1" 200 -]
[2025-12-12 18:09:21,955: INFO: _internal: 127.0.0.1 - - [12/Dec/2025 18:09:21] "POST /predict HTTP/1.1" 200 -]
[2025-12-12 18:09:34,853: WARNING: polymorphic_function: 5 out of the last 5 calls to <function Model.make_predict_function.<locals>.predict_function at 0x000001B561D1AE60> triggered tf.function retracing. Tracing is expensive and the excessive number of tracings could be due to (1) creating @tf.function repeatedly in a loop, (2) passing tensors with different shapes, (3) passing Python objects instead of tensors. For (1), please define your @tf.function outside of the loop. For (2), @tf.function has reduce_retracing=True option that can avoid unnecessary retracing. For (3), please refer to https://www.tensorflow.org/guide/function#controlling_retracing and https://www.tensorflow.org/api_docs/python/tf/function for  more details.]
[2025-12-12 18:09:34,859: INFO: _internal: 127.0.0.1 - - [12/Dec/2025 18:09:34] "POST /predict HTTP/1.1" 200 -]
[2025-12-12 18:09:43,385: WARNING: polymorphic_function: 6 out of the last 6 calls to <function Model.make_predict_function.<locals>.predict_function at 0x000001B5627B0040> triggered tf.function retracing. Tracing is expensive and the excessive number of tracings could be due to (1) creating @tf.function repeatedly in a loop, (2) passing tensors with different shapes, (3) passing Python objects instead of tensors. For (1), please define your @tf.function outside of the loop. For (2), @tf.function has reduce_retracing=True option that can avoid unnecessary retracing. For (3), please refer to https://www.tensorflow.org/guide/function#controlling_retracing and https://www.tensorflow.org/api_docs/python/tf/function for  more details.]
[2025-12-12 18:09:43,393: INFO: _internal: 127.0.0.1 - - [12/Dec/2025 18:09:43] "POST /predict HTTP/1.1" 200 -]
[2025-12-12 18:10:47,160: INFO: _internal: 127.0.0.1 - - [12/Dec/2025 18:10:47] "POST /predict HTTP/1.1" 200 -]
[2025-12-12 18:10:55,358: INFO: _internal: 127.0.0.1 - - [12/Dec/2025 18:10:55] "POST /predict HTTP/1.1" 200 -]
[2025-12-12 18:11:01,926: INFO: _internal: 127.0.0.1 - - [12/Dec/2025 18:11:01] "POST /predict HTTP/1.1" 200 -]
[2025-12-12 18:11:12,393: INFO: _internal: 127.0.0.1 - - [12/Dec/2025 18:11:12] "POST /predict HTTP/1.1" 200 -]
[2025-12-12 18:11:39,557: INFO: _internal:  * Detected change in 'd:\\projects\\kidney-disease-classification\\src\\cnnClassifier\\pipeline\\prediction.py', reloading]
[2025-12-12 18:11:40,932: INFO: _internal:  * Restarting with stat]
[2025-12-12 18:11:46,907: WARNING: _internal:  * Debugger is active!]
[2025-12-12 18:11:46,907: INFO: _internal:  * Debugger PIN: 101-503-287]
[2025-12-12 18:11:58,312: INFO: _internal: 127.0.0.1 - - [12/Dec/2025 18:11:58] "POST /predict HTTP/1.1" 200 -]
[2025-12-12 18:12:08,877: INFO: _internal: 127.0.0.1 - - [12/Dec/2025 18:12:08] "POST /predict HTTP/1.1" 200 -]
[2025-12-12 18:13:55,629: INFO: _internal:  * Detected change in 'D:\\Projects\\kidney-disease-classification\\src\\cnnClassifier\\pipeline\\prediction.py', reloading]
[2025-12-12 18:13:56,972: INFO: _internal:  * Restarting with stat]
[2025-12-12 18:14:03,007: WARNING: _internal:  * Debugger is active!]
[2025-12-12 18:14:03,007: INFO: _internal:  * Debugger PIN: 101-503-287]
[2025-12-12 18:14:05,013: INFO: _internal:  * Detected change in 'D:\\Projects\\kidney-disease-classification\\src\\cnnClassifier\\pipeline\\prediction.py', reloading]
[2025-12-12 18:14:06,191: INFO: _internal:  * Restarting with stat]
[2025-12-12 18:14:15,471: WARNING: _internal:  * Debugger is active!]
[2025-12-12 18:14:15,480: INFO: _internal:  * Debugger PIN: 101-503-287]
[2025-12-12 18:15:21,127: INFO: _internal: 127.0.0.1 - - [12/Dec/2025 18:15:21] "POST /predict HTTP/1.1" 200 -]
[2025-12-12 18:15:52,140: INFO: _internal:  * Detected change in 'd:\\projects\\kidney-disease-classification\\src\\cnnClassifier\\pipeline\\prediction.py', reloading]
[2025-12-12 18:15:53,436: INFO: _internal:  * Restarting with stat]
[2025-12-12 18:16:07,874: INFO: _internal: [31m[1mWARNING: This is a development server. Do not use it in a production deployment. Use a production WSGI server instead.[0m
 * Running on all addresses (0.0.0.0)
 * Running on http://127.0.0.1:8080
 * Running on http://172.16.2.5:8080]
[2025-12-12 18:16:07,874: INFO: _internal: [33mPress CTRL+C to quit[0m]
[2025-12-12 18:16:07,879: INFO: _internal:  * Restarting with stat]
[2025-12-12 18:16:15,627: WARNING: _internal:  * Debugger is active!]
[2025-12-12 18:16:15,638: INFO: _internal:  * Debugger PIN: 101-503-287]
[2025-12-12 18:16:16,145: INFO: _internal: 127.0.0.1 - - [12/Dec/2025 18:16:16] "GET / HTTP/1.1" 200 -]
[2025-12-12 18:16:22,159: INFO: _internal: 127.0.0.1 - - [12/Dec/2025 18:16:22] "[35m[1mPOST /predict HTTP/1.1[0m" 500 -]
[2025-12-12 18:16:33,501: INFO: _internal:  * Detected change in 'D:\\Projects\\kidney-disease-classification\\src\\cnnClassifier\\pipeline\\prediction.py', reloading]
[2025-12-12 18:16:34,643: INFO: _internal:  * Restarting with stat]
[2025-12-12 18:16:40,211: WARNING: _internal:  * Debugger is active!]
[2025-12-12 18:16:40,217: INFO: _internal:  * Debugger PIN: 101-503-287]
[2025-12-13 20:48:02,213: INFO: _internal: [31m[1mWARNING: This is a development server. Do not use it in a production deployment. Use a production WSGI server instead.[0m
 * Running on all addresses (0.0.0.0)
 * Running on http://127.0.0.1:8080
 * Running on http://172.18.35.209:8080]
[2025-12-13 20:48:02,213: INFO: _internal: [33mPress CTRL+C to quit[0m]
[2025-12-13 20:48:02,220: INFO: _internal:  * Restarting with stat]
[2025-12-13 20:48:10,883: WARNING: _internal:  * Debugger is active!]
[2025-12-13 20:48:10,886: INFO: _internal:  * Debugger PIN: 532-986-476]
[2025-12-13 20:48:21,544: INFO: _internal: 127.0.0.1 - - [13/Dec/2025 20:48:21] "GET / HTTP/1.1" 200 -]
[2025-12-13 20:48:36,999: INFO: _internal: 127.0.0.1 - - [13/Dec/2025 20:48:36] "POST /predict HTTP/1.1" 200 -]
[2025-12-13 20:48:49,587: INFO: _internal: 127.0.0.1 - - [13/Dec/2025 20:48:49] "POST /predict HTTP/1.1" 200 -]
[2025-12-13 20:49:27,399: INFO: _internal:  * Detected change in 'd:\\projects\\kidney-disease-classification\\src\\cnnClassifier\\pipeline\\prediction.py', reloading]
[2025-12-13 20:49:28,947: INFO: _internal:  * Restarting with stat]
[2025-12-13 20:49:37,187: WARNING: _internal:  * Debugger is active!]
[2025-12-13 20:49:37,194: INFO: _internal:  * Debugger PIN: 532-986-476]
[2025-12-13 20:49:41,420: INFO: _internal: 127.0.0.1 - - [13/Dec/2025 20:49:41] "[35m[1mPOST /predict HTTP/1.1[0m" 500 -]
[2025-12-13 20:49:55,668: INFO: _internal:  * Detected change in 'D:\\Projects\\kidney-disease-classification\\src\\cnnClassifier\\pipeline\\prediction.py', reloading]
[2025-12-13 20:49:56,798: INFO: _internal:  * Restarting with stat]
[2025-12-13 20:50:05,607: WARNING: _internal:  * Debugger is active!]
[2025-12-13 20:50:05,634: INFO: _internal:  * Debugger PIN: 532-986-476]
[2025-12-13 20:51:43,836: INFO: _internal:  * Detected change in 'd:\\projects\\kidney-disease-classification\\src\\cnnClassifier\\pipeline\\prediction.py', reloading]
[2025-12-13 20:51:45,043: INFO: _internal:  * Restarting with stat]
[2025-12-13 20:52:03,741: INFO: _internal: [31m[1mWARNING: This is a development server. Do not use it in a production deployment. Use a production WSGI server instead.[0m
 * Running on all addresses (0.0.0.0)
 * Running on http://127.0.0.1:8080
 * Running on http://172.18.35.209:8080]
[2025-12-13 20:52:03,741: INFO: _internal: [33mPress CTRL+C to quit[0m]
[2025-12-13 20:52:03,741: INFO: _internal:  * Restarting with stat]
[2025-12-13 20:52:08,423: WARNING: _internal:  * Debugger is active!]
[2025-12-13 20:52:08,439: INFO: _internal:  * Debugger PIN: 532-986-476]
[2025-12-13 20:52:10,495: INFO: _internal: 127.0.0.1 - - [13/Dec/2025 20:52:10] "GET / HTTP/1.1" 200 -]
[2025-12-13 20:52:18,486: INFO: _internal: 127.0.0.1 - - [13/Dec/2025 20:52:18] "POST /predict HTTP/1.1" 200 -]
[2025-12-13 21:02:17,172: INFO: _internal: 127.0.0.1 - - [13/Dec/2025 21:02:17] "POST /predict HTTP/1.1" 200 -]
[2025-12-13 21:02:24,447: INFO: _internal: 127.0.0.1 - - [13/Dec/2025 21:02:24] "POST /predict HTTP/1.1" 200 -]
[2025-12-13 21:02:33,544: INFO: _internal: 127.0.0.1 - - [13/Dec/2025 21:02:33] "POST /predict HTTP/1.1" 200 -]
[2025-12-13 21:02:54,145: WARNING: polymorphic_function: 5 out of the last 5 calls to <function Model.make_predict_function.<locals>.predict_function at 0x0000023201196D40> triggered tf.function retracing. Tracing is expensive and the excessive number of tracings could be due to (1) creating @tf.function repeatedly in a loop, (2) passing tensors with different shapes, (3) passing Python objects instead of tensors. For (1), please define your @tf.function outside of the loop. For (2), @tf.function has reduce_retracing=True option that can avoid unnecessary retracing. For (3), please refer to https://www.tensorflow.org/guide/function#controlling_retracing and https://www.tensorflow.org/api_docs/python/tf/function for  more details.]
[2025-12-13 21:02:54,156: INFO: _internal: 127.0.0.1 - - [13/Dec/2025 21:02:54] "POST /predict HTTP/1.1" 200 -]
[2025-12-13 21:03:03,916: WARNING: polymorphic_function: 6 out of the last 6 calls to <function Model.make_predict_function.<locals>.predict_function at 0x0000023201195000> triggered tf.function retracing. Tracing is expensive and the excessive number of tracings could be due to (1) creating @tf.function repeatedly in a loop, (2) passing tensors with different shapes, (3) passing Python objects instead of tensors. For (1), please define your @tf.function outside of the loop. For (2), @tf.function has reduce_retracing=True option that can avoid unnecessary retracing. For (3), please refer to https://www.tensorflow.org/guide/function#controlling_retracing and https://www.tensorflow.org/api_docs/python/tf/function for  more details.]
[2025-12-13 21:03:03,927: INFO: _internal: 127.0.0.1 - - [13/Dec/2025 21:03:03] "POST /predict HTTP/1.1" 200 -]
[2025-12-13 21:03:09,989: INFO: _internal: 127.0.0.1 - - [13/Dec/2025 21:03:09] "POST /predict HTTP/1.1" 200 -]
[2025-12-13 21:03:16,906: INFO: _internal: 127.0.0.1 - - [13/Dec/2025 21:03:16] "POST /predict HTTP/1.1" 200 -]
[2025-12-13 21:03:22,972: INFO: _internal: 127.0.0.1 - - [13/Dec/2025 21:03:22] "POST /predict HTTP/1.1" 200 -]
[2025-12-13 21:09:24,687: INFO: _internal:  * Detected change in 'D:\\Projects\\kidney-disease-classification\\src\\cnnClassifier\\components\\model_training.py', reloading]
[2025-12-13 21:09:25,947: INFO: _internal:  * Restarting with stat]
[2025-12-13 21:10:02,424: INFO: main: >>>>>>>>>> Stage Data Ingestion Stage started <<<<<<<<<<]
[2025-12-13 21:10:02,429: INFO: common: yaml file: configs\config.yaml loaded successfully]
[2025-12-13 21:10:02,438: INFO: common: yaml file: params.yaml loaded successfully]
[2025-12-13 21:10:02,440: INFO: common: Directory created at: artifacts]
[2025-12-13 21:10:02,442: INFO: common: Directory created at: artifacts/data_ingestion]
[2025-12-13 21:10:02,442: INFO: data_ingestion: Downloading file from :[https://drive.google.com/file/d/1vlhZ5c7abUKF8xXERIw6m9Te8fW7ohw3/view?usp=sharing] into :[artifacts/data_ingestion/data.zip]]
[2025-12-13 21:10:18,813: INFO: data_ingestion: File :[artifacts/data_ingestion/data.zip] has been downloaded successfully.]
[2025-12-13 21:10:18,820: INFO: data_ingestion: File size :[56361.28 KB]]
[2025-12-13 21:10:20,116: INFO: data_ingestion: Extraction completed successfully.]
[2025-12-13 21:10:20,116: INFO: main: >>>>>>>>>> Stage Data Ingestion Stage completed <<<<<<<<<<

x==========x]
[2025-12-13 21:10:20,116: INFO: main: >>>>>>>>>> Stage Prepare Base Model Stage started <<<<<<<<<<]
[2025-12-13 21:10:20,132: INFO: common: yaml file: configs\config.yaml loaded successfully]
[2025-12-13 21:10:20,136: INFO: common: yaml file: params.yaml loaded successfully]
[2025-12-13 21:10:20,138: INFO: common: Directory created at: artifacts]
[2025-12-13 21:10:20,138: INFO: common: Directory created at: artifacts/prepare_base_model]
[2025-12-13 21:10:21,235: WARNING: saving_utils: Compiled the loaded model, but the compiled metrics have yet to be built. `model.compile_metrics` will be empty until you train or evaluate the model.]
[2025-12-13 21:10:21,763: INFO: main: >>>>>>>>>> Stage Prepare Base Model Stage completed <<<<<<<<<<

x==========x]
[2025-12-13 21:10:21,763: INFO: main: >>>>>>>>>> Stage Model Training Stage started <<<<<<<<<<]
[2025-12-13 21:10:21,771: INFO: common: yaml file: configs\config.yaml loaded successfully]
[2025-12-13 21:10:21,771: INFO: common: yaml file: params.yaml loaded successfully]
[2025-12-13 21:10:21,775: INFO: common: Directory created at: artifacts]
[2025-12-13 21:10:21,777: INFO: common: Directory created at: artifacts\training]
[2025-12-13 21:22:11,488: INFO: main: >>>>>>>>>> Stage Data Ingestion Stage started <<<<<<<<<<]
[2025-12-13 21:22:11,488: INFO: common: yaml file: configs\config.yaml loaded successfully]
[2025-12-13 21:22:11,488: INFO: common: yaml file: params.yaml loaded successfully]
[2025-12-13 21:22:11,488: INFO: common: Directory created at: artifacts]
[2025-12-13 21:22:11,488: INFO: common: Directory created at: artifacts/data_ingestion]
[2025-12-13 21:22:11,488: INFO: data_ingestion: Downloading file from :[https://drive.google.com/file/d/1vlhZ5c7abUKF8xXERIw6m9Te8fW7ohw3/view?usp=sharing] into :[artifacts/data_ingestion/data.zip]]
[2025-12-13 21:22:32,476: INFO: data_ingestion: File :[artifacts/data_ingestion/data.zip] has been downloaded successfully.]
[2025-12-13 21:22:32,476: INFO: data_ingestion: File size :[56361.28 KB]]
[2025-12-13 21:22:33,180: INFO: data_ingestion: Extraction completed successfully.]
[2025-12-13 21:22:33,180: INFO: main: >>>>>>>>>> Stage Data Ingestion Stage completed <<<<<<<<<<

x==========x]
[2025-12-13 21:22:33,180: INFO: main: >>>>>>>>>> Stage Prepare Base Model Stage started <<<<<<<<<<]
[2025-12-13 21:22:33,180: INFO: common: yaml file: configs\config.yaml loaded successfully]
[2025-12-13 21:22:33,180: INFO: common: yaml file: params.yaml loaded successfully]
[2025-12-13 21:22:33,180: INFO: common: Directory created at: artifacts]
[2025-12-13 21:22:33,180: INFO: common: Directory created at: artifacts/prepare_base_model]
[2025-12-13 21:22:33,665: WARNING: saving_utils: Compiled the loaded model, but the compiled metrics have yet to be built. `model.compile_metrics` will be empty until you train or evaluate the model.]
[2025-12-13 21:22:33,910: INFO: main: >>>>>>>>>> Stage Prepare Base Model Stage completed <<<<<<<<<<

x==========x]
[2025-12-13 21:22:33,912: INFO: main: >>>>>>>>>> Stage Model Training Stage started <<<<<<<<<<]
[2025-12-13 21:22:33,915: INFO: common: yaml file: configs\config.yaml loaded successfully]
[2025-12-13 21:22:33,916: INFO: common: yaml file: params.yaml loaded successfully]
[2025-12-13 21:22:33,916: INFO: common: Directory created at: artifacts]
[2025-12-13 21:22:33,916: INFO: common: Directory created at: artifacts\training]
[2025-12-13 22:19:47,872: INFO: main: >>>>>>>>>> Stage Model Training Stage completed <<<<<<<<<<

x==========x]
[2025-12-13 22:19:47,876: INFO: main: >>>>>>>>>> Stage Model Evaluation with MLflow started <<<<<<<<<<]
[2025-12-13 22:19:47,882: INFO: common: yaml file: configs\config.yaml loaded successfully]
[2025-12-13 22:19:47,886: INFO: common: yaml file: params.yaml loaded successfully]
[2025-12-13 22:19:47,889: INFO: common: Directory created at: artifacts]
[2025-12-13 22:20:03,245: INFO: common: json file saved at: scores.json]
[2025-12-13 22:20:03,245: INFO: common: json file saved at: scores.json]
[2025-12-13 22:20:09,058: WARNING: save: Found untraced functions such as _jit_compiled_convolution_op, _jit_compiled_convolution_op, _jit_compiled_convolution_op, _jit_compiled_convolution_op, _jit_compiled_convolution_op while saving (showing 5 of 14). These functions will not be directly callable after loading.]
[2025-12-13 22:20:09,795: INFO: builder_impl: Assets written to: C:\Users\hp\AppData\Local\Temp\tmpcmb0cro8\model\data\model\assets]
[2025-12-13 22:22:16,685: INFO: main: >>>>>>>>>> Stage Model Evaluation with MLflow completed <<<<<<<<<<

x==========x]
[2025-12-13 22:22:59,050: INFO: _internal: [31m[1mWARNING: This is a development server. Do not use it in a production deployment. Use a production WSGI server instead.[0m
 * Running on all addresses (0.0.0.0)
 * Running on http://127.0.0.1:8080
 * Running on http://172.18.35.209:8080]
[2025-12-13 22:22:59,052: INFO: _internal: [33mPress CTRL+C to quit[0m]
[2025-12-13 22:22:59,055: INFO: _internal:  * Restarting with stat]
[2025-12-13 22:23:01,984: WARNING: _internal:  * Debugger is active!]
[2025-12-13 22:23:01,988: INFO: _internal:  * Debugger PIN: 532-986-476]
[2025-12-13 22:23:15,278: INFO: _internal: 127.0.0.1 - - [13/Dec/2025 22:23:15] "GET / HTTP/1.1" 200 -]
[2025-12-13 22:24:00,557: INFO: _internal: 127.0.0.1 - - [13/Dec/2025 22:24:00] "POST /predict HTTP/1.1" 200 -]
[2025-12-13 22:24:14,339: INFO: _internal: 127.0.0.1 - - [13/Dec/2025 22:24:14] "POST /predict HTTP/1.1" 200 -]
[2025-12-13 22:24:37,155: INFO: _internal: 127.0.0.1 - - [13/Dec/2025 22:24:37] "POST /predict HTTP/1.1" 200 -]
[2025-12-13 22:24:55,789: INFO: _internal: 127.0.0.1 - - [13/Dec/2025 22:24:55] "POST /predict HTTP/1.1" 200 -]
